******************************************************************************
                  TI ARM Linker Unix v18.12.5                  
******************************************************************************
>> Linked Thu Feb 27 20:22:17 2020

OUTPUT FILE NAME:   <empty_MSP_EXP432P401R_tirtos_ccs.out>
ENTRY POINT SYMBOL: "_c_int00"  address: 00002651


MEMORY CONFIGURATION

         name            origin    length      used     unused   attr    fill
----------------------  --------  ---------  --------  --------  ----  --------
  MAIN                  00000000   00040000  00004323  0003bcdd  R  X
  INFO                  00200000   00004000  00000000  00004000  R  X
  SRAM_CODE             01000000   00010000  00008ec4  0000713c  RW X
  SRAM_DATA             20000000   00010000  00008ec4  0000713c  RW  


SEGMENT ALLOCATION MAP

run origin  load origin   length   init length attrs members
----------  ----------- ---------- ----------- ----- -------
00000000    00000000    00004330   00004330    r-x
  00000000    00000000    0000003c   0000003c    r-- .resetVecs
  00000040    00000040    00003cca   00003cca    r-x .text
  00003d0c    00003d0c    000003ed   000003ed    r-- .const
  00004100    00004100    00000230   00000230    r-- .cinit
20000140    20000140    00008000   00000000    r--
  20000140    20000140    00008000   00000000    r-- .priheap
20008140    20008140    00000988   00000000    rw-
  20008140    20008140    00000604   00000000    rw- .data
  20008748    20008748    00000380   00000000    rw- .bss
2000fc00    2000fc00    00000400   00000000    rw-
  2000fc00    2000fc00    00000400   00000000    rw- .stack


SECTION ALLOCATION MAP

 output                                  attributes/
section   page    origin      length       input sections
--------  ----  ----------  ----------   ----------------
.text      0    00000040    00003cca     
                  00000040    000002f8     drivers_msp432p401x.aem4f : PowerMSP432.oem4f (.text:Power_sleep)
                  00000338    0000028a     msp432p4xx_driverlib.lib : pcm.o (.text:__PCM_setPowerStateAdvanced)
                  000005c2    00000002     ti_drivers_config.obj (.text:Board_initHook)
                  000005c4    00000288     drivers_msp432p401x.aem4f : PowerMSP432.oem4f (.text:initPerfControl)
                  0000084c    00000170                               : GPIOMSP432.oem4f (.text:GPIO_setConfig)
                  000009bc    0000015c     msp432p4xx_driverlib.lib : pcm.o (.text:__PCM_setPowerModeAdvanced)
                  00000b18    00000130     sysbios.aem4f : BIOS.obj (.text:ti_sysbios_knl_Semaphore_pend__E)
                  00000c48    00000108     msp432p4xx_driverlib.lib : pcm.o (.text:__PCM_setCoreVoltageLevelAdvanced)
                  00000d50    00000108     sysbios.aem4f : BIOS.obj (.text:ti_sysbios_knl_Task_postInit__I)
                  00000e58    00000108                   : BIOS.obj (.text:xdc_runtime_Startup_startMods__I)
                  00000f60    00000104                   : BIOS.obj (.text:ti_sysbios_knl_Task_Instance_finalize__E)
                  00001064    00000004     msp432p4xx_driverlib.lib : cpu.o (.text:CPU_wfi)
                  00001068    000000f8     sysbios.aem4f : BIOS.obj (.text:ti_sysbios_family_arm_msp432_init_Boot_configureClocksHigh)
                  00001160    000000f0                   : m3_Hwi_asm.obj (.text:ti_sysbios_family_arm_m3_Hwi_dispatch__I)
                  00001250    000000e4     msp432p4xx_driverlib.lib : cs.o (.text:CS_startHFXTWithTimeout)
                  00001334    000000e0                              : cs.o (.text:CS_startLFXTWithTimeout)
                  00001414    000000dc                              : cs.o (.text:_CSGetHFXTFrequency)
                  000014f0    000000d0     sysbios.aem4f : BIOS.obj (.text:ti_sysbios_heaps_HeapMem_alloc__E)
                  000015c0    000000b8                   : BIOS.obj (.text:ti_sysbios_family_arm_m3_Hwi_Instance_init__E)
                  00001678    000000ac     drivers_msp432p401x.aem4f : GPIOMSP432.oem4f (.text:GPIO_init)
                  00001724    00000004     dpl_msp432p401x.aem4f : HwiP_tirtos.oem4f (.text:HwiP_disable)
                  00001728    000000aa     sysbios.aem4f : BIOS.obj (.text:xdc_runtime_Core_createObject__I)
                  000017d2    00000004     dpl_msp432p401x.aem4f : SemaphoreP_tirtos.oem4f (.text:SemaphoreP_post)
                  000017d6    00000002                           : PowerMSP432_tirtos.oem4f (.text:PowerMSP432_initPolicy)
                  000017d8    000000a8     sysbios.aem4f : BIOS.obj (.text:ti_sysbios_family_arm_msp432_Timer_periodicStub__E)
                  00001880    000000a0     auto_init.aem4f : auto_init.oem4f (.text)
                  00001920    0000009c     drivers_msp432p401x.aem4f : PowerMSP432.oem4f (.text:Power_init)
                  000019bc    0000009c     rtsv7M4_T_le_v4SPD16_eabi.lib : memcpy_t2.asm.obj (.text)
                  00001a58    00000094     sysbios.aem4f : BIOS.obj (.text:ti_sysbios_family_arm_m3_Hwi_initNVIC__E)
                  00001aec    00000004     release_pem4f.oem4f (.text:ti_sysbios_BIOS_RtsGateProxy_enter__E)
                  00001af0    00000094     sysbios.aem4f : BIOS.obj (.text:ti_sysbios_knl_Task_exit__E)
                  00001b84    00000004     release_pem4f.oem4f (.text:ti_sysbios_BIOS_RtsGateProxy_leave__E)
                  00001b88    00000090     sysbios.aem4f : BIOS.obj (.text:ti_sysbios_knl_Task_Module_startup__E)
                  00001c18    0000008c                   : m3_TaskSupport_asm.obj (.text:ti_sysbios_family_arm_m3_TaskSupport_buildTaskStack)
                  00001ca4    00000004     release_pem4f.oem4f (.text:ti_sysbios_family_arm_m3_TaskSupport_Module__startupDone__S)
                  00001ca8    0000008c     sysbios.aem4f : BIOS.obj (.text:xdc_runtime_Memory_alloc__E)
                  00001d34    00000004     release_pem4f.oem4f (.text:ti_sysbios_heaps_HeapMem_Module_GateProxy_enter__E)
                  00001d38    00000086     sysbios.aem4f : BIOS.obj (.text:xdc_runtime_Core_constructObject__I)
                  00001dbe    00000002     rtsv7M4_T_le_v4SPD16_eabi.lib : _lock.c.obj (.text:_nop)
                  00001dc0    00000084     msp432p4xx_driverlib.lib : pcm.o (.text:PCM_gotoLPM3)
                  00001e44    00000084     drivers_msp432p401x.aem4f : PowerMSP432.oem4f (.text:restartHFXT)
                  00001ec8    00000084     sysbios.aem4f : BIOS.obj (.text:ti_sysbios_family_arm_m3_Hwi_postInit__I)
                  00001f4c    00000004     release_pem4f.oem4f (.text:ti_sysbios_heaps_HeapMem_Module_GateProxy_leave__E)
                  00001f50    00000084     sysbios.aem4f : BIOS.obj (.text:ti_sysbios_heaps_HeapMem_free__E)
                  00001fd4    00000004     release_pem4f.oem4f (.text:ti_sysbios_knl_Clock_TimerProxy_getMaxTicks__E)
                  00001fd8    00000080     sysbios.aem4f : BIOS.obj (.text:ti_sysbios_knl_Clock_workFunc__E)
                  00002058    0000007a     rtsv7M4_T_le_v4SPD16_eabi.lib : memset_t2.asm.obj (.text)
                  000020d2    00000004     release_pem4f.oem4f (.text:ti_sysbios_knl_Semaphore_delete)
                  000020d6    00000002     release_pem4f.oem4f (.text:ti_sysbios_BIOS_nullFunc__I)
                  000020d8    00000070     sysbios.aem4f : BIOS.obj (.text:ti_sysbios_heaps_HeapMem_initPrimary__I)
                  00002148    0000006c                   : BIOS.obj (.text:ti_sysbios_knl_Swi_restoreHwi__E)
                  000021b4    00000068     drivers_msp432p401x.aem4f : GPIOMSP432.oem4f (.text:GPIO_hwiIntFxn)
                  0000221c    00000068     rtsv7M4_T_le_v4SPD16_eabi.lib : copy_decompress_lzss.c.obj (.text:decompress:lzss:__TI_decompress_lzss)
                  00002284    00000004     release_pem4f.oem4f (.text:ti_sysbios_knl_Task_delete)
                  00002288    00000066     sysbios.aem4f : BIOS.obj (.text:xdc_runtime_Core_deleteObject__I)
                  000022ee    00000002     --HOLE-- [fill = 0]
                  000022f0    00000064                   : BIOS.obj (.text:ti_sysbios_family_arm_m3_Hwi_dispatchC__I)
                  00002354    00000060     drivers_msp432p401x.aem4f : GPIOMSP432.oem4f (.text:GPIO_setCallback)
                  000023b4    00000004     release_pem4f.oem4f (.text:xdc_runtime_System_Module_GateProxy_enter__E)
                  000023b8    00000060     sysbios.aem4f : BIOS.obj (.text:ti_sysbios_knl_Semaphore_post__E)
                  00002418    00000060                   : BIOS.obj (.text:ti_sysbios_knl_Swi_run__I)
                  00002478    0000005e     msp432p4xx_driverlib.lib : pcm.o (.text:PCM_getCoreVoltageLevel)
                  000024d6    00000002     --HOLE-- [fill = 0]
                  000024d8    0000005c     sysbios.aem4f : BIOS.obj (.text:ti_sysbios_knl_Swi_schedule__I)
                  00002534    00000004     release_pem4f.oem4f (.text:xdc_runtime_System_Module_GateProxy_leave__E)
                  00002538    0000005c     sysbios.aem4f : BIOS.obj (.text:ti_sysbios_knl_Task_startCore__E)
                  00002594    00000004     --HOLE-- [fill = 0]
                  00002598    0000005c                   : BIOS.obj (.text:xdc_runtime_Startup_exec__E)
                  000025f4    0000005a     msp432p4xx_driverlib.lib : pcm.o (.text:PCM_getPowerMode)
                  0000264e    00000002     --HOLE-- [fill = 0]
                  00002650    00000058     boot.aem4f : boot.oem4f (.text)
                  000026a8    00000058     sysbios.aem4f : m3_Hwi_asm_switch.obj (.text:ti_sysbios_family_arm_m3_Hwi_initStacks__E)
                  00002700    00000054     msp432p4xx_driverlib.lib : pcm.o (.text:PCM_shutdownDevice)
                  00002754    00000054     release_pem4f.oem4f (.text:ti_sysbios_family_arm_m3_Hwi_create)
                  000027a8    00000054     sysbios.aem4f : BIOS.obj (.text:ti_sysbios_family_arm_msp432_Timer_initDevice__I)
                  000027fc    00000004     --HOLE-- [fill = 0]
                  00002800    00000050                   : BIOS.obj (.text:ti_sysbios_family_arm_m3_Hwi_Module_startup__E)
                  00002850    0000004c     dpl_msp432p401x.aem4f : PowerMSP432_tirtos.oem4f (.text:PowerMSP432_sleepPolicy)
                  0000289c    0000004c     rtsv7M4_T_le_v4SPD16_eabi.lib : cpy_tbl.c.obj (.text:copy_in)
                  000028e8    0000004c     sysbios.aem4f : BIOS.obj (.text:ti_sysbios_family_arm_msp432_Timer_postInit__I)
                  00002934    00000004     --HOLE-- [fill = 0]
                  00002938    0000004c                   : BIOS.obj (.text:ti_sysbios_family_arm_msp432_Timer_start__E)
                  00002984    00000004     --HOLE-- [fill = 0]
                  00002988    0000004c                   : BIOS.obj (.text:ti_sysbios_heaps_HeapMem_getStats__E)
                  000029d4    00000004     --HOLE-- [fill = 0]
                  000029d8    0000004c                   : BIOS.obj (.text:ti_sysbios_knl_Swi_runLoop__I)
                  00002a24    00000004     --HOLE-- [fill = 0]
                  00002a28    0000004c                   : BIOS.obj (.text:ti_sysbios_knl_Task_allBlockedFunction__I)
                  00002a74    00000004     --HOLE-- [fill = 0]
                  00002a78    0000004c                   : BIOS.obj (.text:ti_sysbios_knl_Task_schedule__I)
                  00002ac4    00000004     --HOLE-- [fill = 0]
                  00002ac8    00000048                   : BIOS.obj (.text:ti_sysbios_family_arm_m3_Hwi_disableInterrupt__E)
                  00002b10    00000048                   : BIOS.obj (.text:ti_sysbios_family_arm_m3_Hwi_enableInterrupt__E)
                  00002b58    00000048                   : BIOS.obj (.text:ti_sysbios_knl_Mailbox_Module_startup__E)
                  00002ba0    00000048                   : BIOS.obj (.text:xdc_runtime_Core_assignParams__I)
                  00002be8    00000044                   : BIOS.obj (.text:ti_sysbios_family_arm_m3_Hwi_getStackInfo__E)
                  00002c2c    00000004     --HOLE-- [fill = 0]
                  00002c30    00000044                   : BIOS.obj (.text:ti_sysbios_knl_Swi_post__E)
                  00002c74    00000040     dpl_msp432p401x.aem4f : HwiP_tirtos.oem4f (.text:HwiP_create)
                  00002cb4    00000004     --HOLE-- [fill = 0]
                  00002cb8    00000040     sysbios.aem4f : BIOS.obj (.text:ti_sysbios_family_arm_msp432_Timer_Module_startup__E)
                  00002cf8    00000040                   : BIOS.obj (.text:ti_sysbios_family_arm_msp432_Timer_startup__E)
                  00002d38    00000040                   : BIOS.obj (.text:ti_sysbios_heaps_HeapMem_Instance_init__E)
                  00002d78    0000003c                   : BIOS.obj (.text:ti_sysbios_family_arm_m3_Hwi_Instance_finalize__E)
                  00002db4    00000004     --HOLE-- [fill = 0]
                  00002db8    0000003c                   : BIOS.obj (.text:ti_sysbios_family_arm_msp432_Seconds_Module_startup__E)
                  00002df4    00000004     --HOLE-- [fill = 0]
                  00002df8    0000003c                   : BIOS.obj (.text:ti_sysbios_knl_Swi_restore__E)
                  00002e34    00000038     drivers_msp432p401x.aem4f : PowerMSP432.oem4f (.text:notify)
                  00002e6c    00000004     --HOLE-- [fill = 0]
                  00002e70    00000038     sysbios.aem4f : BIOS.obj (.text:xdc_runtime_System_atexit__E)
                  00002ea8    00000034     release_pem4f.oem4f (.text:ti_sysbios_knl_Semaphore_create)
                  00002edc    00000004     --HOLE-- [fill = 0]
                  00002ee0    00000032     sysbios.aem4f : BIOS.obj (.text:ti_sysbios_hal_Hwi_initStack)
                  00002f12    00000002     --HOLE-- [fill = 0]
                  00002f14    00000030     release_pem4f.oem4f (.text:ti_sysbios_BIOS_atExitFunc__I)
                  00002f44    00000030     release_pem4f.oem4f (.text:ti_sysbios_BIOS_startFunc__I)
                  00002f74    00000004     --HOLE-- [fill = 0]
                  00002f78    00000030     sysbios.aem4f : BIOS.obj (.text:ti_sysbios_family_arm_m3_TaskSupport_start__E)
                  00002fa8    00000030     release_pem4f.oem4f (.text:ti_sysbios_gates_GateHwi_Object__create__S)
                  00002fd8    00000030     release_pem4f.oem4f (.text:ti_sysbios_gates_GateMutex_Object__create__S)
                  00003008    00000030     sysbios.aem4f : BIOS.obj (.text:ti_sysbios_gates_GateMutex_enter__E)
                  00003038    00000030     release_pem4f.oem4f (.text:ti_sysbios_heaps_HeapMem_Object__create__S)
                  00003068    00000030     sysbios.aem4f : BIOS.obj (.text:ti_sysbios_knl_Mailbox_postInit__I)
                  00003098    00000030     release_pem4f.oem4f (.text:ti_sysbios_knl_Semaphore_construct)
                  000030c8    00000030     sysbios.aem4f : BIOS.obj (.text:ti_sysbios_knl_Semaphore_pendTimeout__I)
                  000030f8    00000030                   : BIOS.obj (.text:ti_sysbios_knl_Task_processVitalTaskFlag__I)
                  00003128    00000030                   : BIOS.obj (.text:ti_sysbios_knl_Task_restore__E)
                  00003158    00000030                   : BIOS.obj (.text:ti_sysbios_knl_Task_unblockI__E)
                  00003188    00000030                   : BIOS.obj (.text:xdc_runtime_System_processAtExit__E)
                  000031b8    0000002c     dpl_msp432p401x.aem4f : PowerMSP432_tirtos.oem4f (.text:PowerMSP432_updateFreqs)
                  000031e4    0000002c     msp432p4xx_driverlib.lib : rtc_c.o (.text:RTC_C_holdClock)
                  00003210    0000002c     dpl_msp432p401x.aem4f : SemaphoreP_tirtos.oem4f (.text:SemaphoreP_createBinary)
                  0000323c    00000004     --HOLE-- [fill = 0]
                  00003240    0000002c     sysbios.aem4f : BIOS.obj (.text:_pthread_cleanupFxn)
                  0000326c    00000004     --HOLE-- [fill = 0]
                  00003270    0000002c                   : BIOS.obj (.text:_pthread_delete$43)
                  0000329c    0000002c     release_pem4f.oem4f (.text:ti_sysbios_gates_GateHwi_Handle__label__S)
                  000032c8    0000002c     release_pem4f.oem4f (.text:ti_sysbios_gates_GateMutex_Handle__label__S)
                  000032f4    0000002c     release_pem4f.oem4f (.text:ti_sysbios_heaps_HeapMem_Handle__label__S)
                  00003320    0000002c     release_pem4f.oem4f (.text:ti_sysbios_knl_Clock_doTick__I)
                  0000334c    0000002c     release_pem4f.oem4f (.text:ti_sysbios_knl_Queue_construct)
                  00003378    00000028     msp432p4xx_driverlib.lib : pcm.o (.text:PCM_gotoLPM0)
                  000033a0    00000028     drivers_msp432p401x.aem4f : PowerMSP432.oem4f (.text:disableFaultCounter)
                  000033c8    00000028                               : PowerMSP432.oem4f (.text:disableHFXT)
                  000033f0    00000028     sysbios.aem4f : m3_Hwi_asm.obj (.text:ti_sysbios_family_arm_m3_Hwi_excHandlerAsm__I)
                  00003418    00000028                   : BIOS.obj (.text:ti_sysbios_knl_Clock_addI__E)
                  00003440    00000028                   : BIOS.obj (.text:ti_sysbios_knl_Swi_Module_startup__E)
                  00003468    00000026                   : m3_Hwi_asm.obj (.text:ti_sysbios_family_arm_m3_Hwi_pendSV__I)
                  0000348e    00000002     --HOLE-- [fill = 0]
                  00003490    00000024     msp432p4xx_driverlib.lib : wdt_a.o (.text:WDT_A_holdTimer)
                  000034b4    00000024     release_pem4f.oem4f (.text:ti_sysbios_BIOS_registerRTSLock__I)
                  000034d8    00000024     release_pem4f.oem4f (.text:ti_sysbios_BIOS_removeRTSLock__I)
                  000034fc    00000004     --HOLE-- [fill = 0]
                  00003500    00000024     sysbios.aem4f : BIOS.obj (.text:ti_sysbios_family_arm_msp432_ClockFreqs_setFrequency__E)
                  00003524    00000024     release_pem4f.oem4f (.text:ti_sysbios_gates_GateMutex_Object__delete__S)
                  00003548    00000024     sysbios.aem4f : BIOS.obj (.text:ti_sysbios_knl_Clock_Module_startup__E)
                  0000356c    00000004     --HOLE-- [fill = 0]
                  00003570    00000024                   : BIOS.obj (.text:ti_sysbios_knl_Semaphore_Instance_init__E)
                  00003594    00000024     release_pem4f.oem4f (.text:ti_sysbios_knl_Semaphore_Object__delete__S)
                  000035b8    00000024     sysbios.aem4f : BIOS.obj (.text:ti_sysbios_knl_Task_restoreHwi__E)
                  000035dc    00000004     --HOLE-- [fill = 0]
                  000035e0    00000024                   : BIOS.obj (.text:xdc_runtime_Error_policyMin__E)
                  00003604    00000020     msp432p4xx_driverlib.lib : cs.o (.text:CS_setExternalClockSourceFrequency)
                  00003624    00000020     release_pem4f.oem4f (.text:ti_sysbios_BIOS_rtsLock__I)
                  00003644    00000020     release_pem4f.oem4f (.text:ti_sysbios_gates_GateHwi_Object__delete__S)
                  00003664    00000020     release_pem4f.oem4f (.text:ti_sysbios_heaps_HeapMem_Object__delete__S)
                  00003684    00000004     --HOLE-- [fill = 0]
                  00003688    00000020     sysbios.aem4f : BIOS.obj (.text:ti_sysbios_knl_Idle_run__E)
                  000036a8    00000020     release_pem4f.oem4f (.text:ti_sysbios_knl_Semaphore_destruct)
                  000036c8    00000020     release_pem4f.oem4f (.text:ti_sysbios_knl_Task_Object__delete__S)
                  000036e8    0000001e     sysbios.aem4f : m3_Hwi_asm_switch.obj (.text:ti_sysbios_family_xxx_Hwi_switchAndRunFunc)
                  00003706    0000001c     rtsv7M4_T_le_v4SPD16_eabi.lib : copy_zero_init.c.obj (.text:decompress:ZI:__TI_zero_init_nomemset:__TI_zero_init_nomemset)
                  00003722    00000006     --HOLE-- [fill = 0]
                  00003728    0000001c     sysbios.aem4f : BIOS.obj (.text:ti_sysbios_family_arm_m3_Hwi_excHandler__I)
                  00003744    00000004     --HOLE-- [fill = 0]
                  00003748    0000001c                   : BIOS.obj (.text:ti_sysbios_gates_GateMutex_Instance_init__E)
                  00003764    0000001c     release_pem4f.oem4f (.text:ti_sysbios_knl_Queue_destruct)
                  00003780    0000001c     sysbios.aem4f : BIOS.obj (.text:ti_sysbios_knl_Queue_put__E)
                  0000379c    00000004     --HOLE-- [fill = 0]
                  000037a0    0000001c                   : BIOS.obj (.text:ti_sysbios_knl_Task_enter__I)
                  000037bc    00000004     --HOLE-- [fill = 0]
                  000037c0    0000001c                   : BIOS.obj (.text:xdc_runtime_Memory_valloc__E)
                  000037dc    00000004     --HOLE-- [fill = 0]
                  000037e0    0000001c                   : BIOS.obj (.text:xdc_runtime_System_abort__E)
                  000037fc    00000018     release_pem4f.oem4f (.text:.bootCodeSection:ti_sysbios_family_arm_msp432_init_Boot_init__I)
                  00003814    00000018     msp432p4xx_driverlib.lib : sysctl_a.o (.text:SysCtl_A_disableNMISource)
                  0000382c    00000018                              : sysctl_a.o (.text:SysCtl_A_enableNMISource)
                  00003844    00000018     rtsv7M4_T_le_v4SPD16_eabi.lib : args_main.c.obj (.text:_args_main)
                  0000385c    00000018     release_pem4f.oem4f (.text:ti_sysbios_BIOS_rtsUnlock__I)
                  00003874    00000018     release_pem4f.oem4f (.text:ti_sysbios_family_arm_m3_Hwi_Module__startupDone__F)
                  0000388c    00000018     sysbios.aem4f : m3_TaskSupport_asm.obj (.text:ti_sysbios_family_arm_m3_TaskSupport_swap__E)
                  000038a4    00000018     release_pem4f.oem4f (.text:ti_sysbios_family_arm_msp432_Timer_Module__startupDone__F)
                  000038bc    00000004     --HOLE-- [fill = 0]
                  000038c0    00000018     sysbios.aem4f : BIOS.obj (.text:ti_sysbios_gates_GateMutex_leave__E)
                  000038d8    00000018                   : BIOS.obj (.text:xdc_runtime_Error_init__E)
                  000038f0    00000018                   : BIOS.obj (.text:xdc_runtime_System_exit__E)
                  00003908    00000016     release_pem4f.oem4f (.text:ti_sysbios_BIOS_exitFunc__I)
                  0000391e    00000002     --HOLE-- [fill = 0]
                  00003920    00000016     sysbios.aem4f : BIOS.obj (.text:ti_sysbios_knl_Task_unblock__E)
                  00003936    00000002     --HOLE-- [fill = 0]
                  00003938    00000014     msp432p4xx_driverlib.lib : pcm.o (.text:PCM_getPowerState)
                  0000394c    00000014     drivers_msp432p401x.aem4f : PowerMSP432.oem4f (.text:Power_idleFunc)
                  00003960    00000014     release_pem4f.oem4f (.text:ti_sysbios_family_arm_m3_Hwi_Object__get__S)
                  00003974    00000004     --HOLE-- [fill = 0]
                  00003978    00000014     sysbios.aem4f : BIOS.obj (.text:ti_sysbios_family_arm_m3_Hwi_switchFromBootStack__E)
                  0000398c    00000014     release_pem4f.oem4f (.text:ti_sysbios_heaps_HeapMem_Object__get__S)
                  000039a0    00000014     release_pem4f.oem4f (.text:ti_sysbios_knl_Swi_Object__get__S)
                  000039b4    00000012     dpl_msp432p401x.aem4f : SemaphoreP_tirtos.oem4f (.text:SemaphoreP_pend)
                  000039c6    00000002     --HOLE-- [fill = 0]
                  000039c8    00000012     sysbios.aem4f : BIOS.obj (.text:ti_sysbios_hal_Hwi_Module_startup__E)
                  000039da    00000012     release_pem4f.oem4f (.text:xdc_runtime_Startup_exec__I)
                  000039ec    00000010     dpl_msp432p401x.aem4f : HwiP_tirtos.oem4f (.text:HwiP_Params_init)
                  000039fc    00000010     msp432p4xx_driverlib.lib : pcm.o (.text:PCM_gotoLPM4)
                  00003a0c    00000010                              : pcm.o (.text:PCM_setPowerMode)
                  00003a1c    00000010                              : pcm.o (.text:PCM_setPowerState)
                  00003a2c    00000010                              : sysctl_a.o (.text:SysCtl_A_getNMISourceStatus)
                  00003a3c    00000010                              : sysctl.o (.text:SysCtl_getNMISourceStatus)
                  00003a4c    00000010     main.obj (.text:main)
                  00003a5c    00000004     --HOLE-- [fill = 0]
                  00003a60    00000010     sysbios.aem4f : BIOS.obj (.text:ti_sysbios_BIOS_exit__E)
                  00003a70    00000010                   : BIOS.obj (.text:ti_sysbios_BIOS_setCpuFreq__E)
                  00003a80    00000010                   : BIOS.obj (.text:ti_sysbios_BIOS_setThreadType__E)
                  00003a90    00000010                   : BIOS.obj (.text:ti_sysbios_BIOS_start__E)
                  00003aa0    00000010                   : m3_TaskSupport_asm.obj (.text:ti_sysbios_family_arm_m3_TaskSupport_glue)
                  00003ab0    00000010                   : BIOS.obj (.text:ti_sysbios_family_arm_msp432_init_Boot_disableWatchdog)
                  00003ac0    00000010                   : BIOS.obj (.text:ti_sysbios_gates_GateMutex_Instance_finalize__E)
                  00003ad0    00000010     release_pem4f.oem4f (.text:ti_sysbios_knl_Mailbox_Object__get__S)
                  00003ae0    00000010     sysbios.aem4f : BIOS.obj (.text:ti_sysbios_knl_Semaphore_Instance_finalize__E)
                  00003af0    00000010                   : BIOS.obj (.text:ti_sysbios_knl_Swi_disable__E)
                  00003b00    00000010     release_pem4f.oem4f (.text:ti_sysbios_knl_Task_Object__get__S)
                  00003b10    00000010     sysbios.aem4f : BIOS.obj (.text:ti_sysbios_knl_Task_disable__E)
                  00003b20    00000010                   : BIOS.obj (.text:xdc_runtime_Gate_leaveSystem__E)
                  00003b30    00000010                   : BIOS.obj (.text:xdc_runtime_Memory_free__E)
                  00003b40    00000010                   : BIOS.obj (.text:xdc_runtime_SysCallback_abort__E)
                  00003b50    00000010                   : BIOS.obj (.text:xdc_runtime_SysCallback_exit__E)
                  00003b60    0000000e     rtsv7M4_T_le_v4SPD16_eabi.lib : copy_decompress_none.c.obj (.text:decompress:none:__TI_decompress_none)
                  00003b6e    00000002     --HOLE-- [fill = 0]
                  00003b70    0000000e     sysbios.aem4f : BIOS.obj (.text:ti_sysbios_knl_Idle_loop__E)
                  00003b7e    00000002     --HOLE-- [fill = 0]
                  00003b80    0000000e                   : BIOS.obj (.text:ti_sysbios_knl_Queue_empty__E)
                  00003b8e    0000000c     ti_drivers_config.obj (.text:Board_init)
                  00003b9a    0000000c     msp432p4xx_driverlib.lib : cpu.o (.text:CPU_cpsid)
                  00003ba6    0000000c                              : cpu.o (.text:CPU_cpsie)
                  00003bb2    00000002     --HOLE-- [fill = 0]
                  00003bb4    0000000c     drivers_msp432p401x.aem4f : PowerMSP432.oem4f (.text:Power_getConstraintMask)
                  00003bc0    0000000c     dpl_msp432p401x.aem4f : SemaphoreP_tirtos.oem4f (.text:SemaphoreP_delete)
                  00003bcc    0000000c     rtsv7M4_T_le_v4SPD16_eabi.lib : _lock.c.obj (.text:_register_lock)
                  00003bd8    0000000c                                   : _lock.c.obj (.text:_register_unlock)
                  00003be4    0000000c     release_pem4f.oem4f (.text:ti_sysbios_family_arm_m3_Hwi_Params__init__S)
                  00003bf0    0000000c     sysbios.aem4f : BIOS.obj (.text:ti_sysbios_family_arm_m3_Hwi_disableFxn__E)
                  00003bfc    00000004     --HOLE-- [fill = 0]
                  00003c00    0000000c                   : BIOS.obj (.text:ti_sysbios_family_arm_msp432_Timer_getMaxTicks__E)
                  00003c0c    00000004     --HOLE-- [fill = 0]
                  00003c10    0000000c                   : BIOS.obj (.text:ti_sysbios_gates_GateHwi_enter__E)
                  00003c1c    0000000c     release_pem4f.oem4f (.text:ti_sysbios_knl_Queue_Object__get__S)
                  00003c28    0000000c     release_pem4f.oem4f (.text:ti_sysbios_knl_Semaphore_Params__init__S)
                  00003c34    00000004     --HOLE-- [fill = 0]
                  00003c38    0000000c     sysbios.aem4f : BIOS.obj (.text:ti_sysbios_rts_ti_ReentSupport_taskRegHook__I)
                  00003c44    00000004     --HOLE-- [fill = 0]
                  00003c48    0000000c                   : BIOS.obj (.text:xdc_runtime_Gate_enterSystem__E)
                  00003c54    00000004     --HOLE-- [fill = 0]
                  00003c58    0000000c                   : BIOS.obj (.text:xdc_runtime_Startup_rtsDone__E)
                  00003c64    0000000a     release_pem4f.oem4f (.text:xdc_runtime_IHeap_alloc)
                  00003c6e    0000000a     release_pem4f.oem4f (.text:xdc_runtime_IHeap_free)
                  00003c78    00000008     sysbios.aem4f : BIOS.obj (.text:ti_sysbios_family_arm_m3_Hwi_doSwiRestore__I)
                  00003c80    00000008                   : BIOS.obj (.text:ti_sysbios_family_arm_m3_Hwi_startup__E)
                  00003c88    00000006                   : BIOS.obj (.text:ti_sysbios_family_arm_m3_Hwi_doTaskRestore__I)
                  00003c8e    00000002     --HOLE-- [fill = 0]
                  00003c90    00000006                   : BIOS.obj (.text:ti_sysbios_family_arm_m3_Hwi_restoreFxn__E)
                  00003c96    00000002     --HOLE-- [fill = 0]
                  00003c98    00000006                   : BIOS.obj (.text:ti_sysbios_gates_GateHwi_leave__E)
                  00003c9e    00000002     --HOLE-- [fill = 0]
                  00003ca0    00000006                   : BIOS.obj (.text:ti_sysbios_heaps_HeapMem_isBlocking__E)
                  00003ca6    00000002     --HOLE-- [fill = 0]
                  00003ca8    00000006                   : BIOS.obj (.text:ti_sysbios_knl_Queue_Instance_init__E)
                  00003cae    00000002     --HOLE-- [fill = 0]
                  00003cb0    00000006                   : BIOS.obj (.text:ti_sysbios_knl_Swi_startup__E)
                  00003cb6    00000002     --HOLE-- [fill = 0]
                  00003cb8    00000006                   : BIOS.obj (.text:xdc_runtime_System_Module_startup__E)
                  00003cbe    00000002     --HOLE-- [fill = 0]
                  00003cc0    00000004                   : BIOS.obj (.text:ti_sysbios_gates_GateHwi_query__E)
                  00003cc4    00000004     --HOLE-- [fill = 0]
                  00003cc8    00000004                   : BIOS.obj (.text:ti_sysbios_gates_GateMutex_query__E)
                  00003ccc    00000004     --HOLE-- [fill = 0]
                  00003cd0    00000004                   : BIOS.obj (.text:ti_sysbios_knl_Task_startup__E)
                  00003cd4    00000004     --HOLE-- [fill = 0]
                  00003cd8    00000002                   : BIOS.obj (.text:ti_sysbios_BIOS_linkedWithIncorrectBootLibrary__E)
                  00003cda    00000006     --HOLE-- [fill = 0]
                  00003ce0    00000002                   : BIOS.obj (.text:ti_sysbios_gates_GateHwi_Instance_init__E)
                  00003ce2    00000006     --HOLE-- [fill = 0]
                  00003ce8    00000002                   : BIOS.obj (.text:ti_sysbios_knl_Clock_logTick__E)
                  00003cea    00000006     --HOLE-- [fill = 0]
                  00003cf0    00000002                   : BIOS.obj (.text:xdc_runtime_SysCallback_defaultAbort)
                  00003cf2    00000006     --HOLE-- [fill = 0]
                  00003cf8    00000002                   : BIOS.obj (.text:xdc_runtime_SysCallback_defaultExit)
                  00003cfa    00000006     --HOLE-- [fill = 0]
                  00003d00    00000002                   : BIOS.obj (.text:xdc_runtime_System_abortSpin__E)
                  00003d02    00000006     --HOLE-- [fill = 0]
                  00003d08    00000002                   : BIOS.obj (.text:xdc_runtime_System_exitSpin__E)

.const     0    00003d0c    000003ed     
                  00003d0c    0000003c     release_pem4f.oem4f (.const:ti_sysbios_knl_Task_Object__PARAMS__C)
                  00003d48    00000038     ti_drivers_config.obj (.const:PowerMSP432_config)
                  00003d80    00000030     release_pem4f.oem4f (.const:ti_sysbios_family_arm_m3_Hwi_Object__PARAMS__C)
                  00003db0    00000028     release_pem4f.oem4f (.const:ti_sysbios_heaps_HeapMem_Module__FXNS__C)
                  00003dd8    00000024     release_pem4f.oem4f (.const:ti_sysbios_gates_GateHwi_Module__FXNS__C)
                  00003dfc    00000024     release_pem4f.oem4f (.const:ti_sysbios_gates_GateMutex_Module__FXNS__C)
                  00003e20    00000024     release_pem4f.oem4f (.const:ti_sysbios_heaps_HeapMem_Object__PARAMS__C)
                  00003e44    00000024     release_pem4f.oem4f (.const:ti_sysbios_knl_Semaphore_Object__PARAMS__C)
                  00003e68    00000024     release_pem4f.oem4f (.const:xdc_runtime_Startup_sfxnTab__A)
                  00003e8c    00000020     release_pem4f.oem4f (.const:ti_sysbios_family_arm_m3_Hwi_Object__DESC__C)
                  00003eac    00000020     release_pem4f.oem4f (.const:ti_sysbios_gates_GateHwi_Object__DESC__C)
                  00003ecc    00000020     release_pem4f.oem4f (.const:ti_sysbios_gates_GateMutex_Object__DESC__C)
                  00003eec    00000020     release_pem4f.oem4f (.const:ti_sysbios_heaps_HeapMem_Object__DESC__C)
                  00003f0c    00000020     release_pem4f.oem4f (.const:ti_sysbios_knl_Queue_Object__DESC__C)
                  00003f2c    00000020     release_pem4f.oem4f (.const:ti_sysbios_knl_Semaphore_Object__DESC__C)
                  00003f4c    00000020     release_pem4f.oem4f (.const:ti_sysbios_knl_Task_Object__DESC__C)
                  00003f6c    00000018     release_pem4f.oem4f (.const:ti_sysbios_gates_GateHwi_Object__PARAMS__C)
                  00003f84    00000018     release_pem4f.oem4f (.const:ti_sysbios_gates_GateMutex_Object__PARAMS__C)
                  00003f9c    00000018     release_pem4f.oem4f (.const:ti_sysbios_knl_Queue_Object__PARAMS__C)
                  00003fb4    00000018     release_pem4f.oem4f (.const:ti_sysbios_knl_Task_hooks__A)
                  00003fcc    00000014     ti_drivers_config.obj (.const:GPIOMSP432_config)
                  00003fe0    00000012     release_pem4f.oem4f (.const:xdc_runtime_Startup_sfxnRts__A)
                  00003ff2    00000002     release_pem4f.oem4f (.const:ti_sysbios_family_arm_m3_Hwi_Module__id__C)
                  00003ff4    0000000c     release_pem4f.oem4f (.const:xdc_runtime_Startup_firstFxns__A)
                  00004000    00000008     release_pem4f.oem4f (.const:ti_sysbios_knl_Idle_funcList__A)
                  00004008    00000008     release_pem4f.oem4f (.const:ti_sysbios_knl_Idle_funcList__C)
                  00004010    00000008     release_pem4f.oem4f (.const:ti_sysbios_knl_Task_hooks__C)
                  00004018    00000008     release_pem4f.oem4f (.const:xdc_runtime_Startup_firstFxns__C)
                  00004020    00000008     release_pem4f.oem4f (.const:xdc_runtime_Startup_lastFxns__C)
                  00004028    00000006     drivers_msp432p401x.aem4f : GPIOMSP432.oem4f (.const:.string:interruptType)
                  0000402e    00000006                               : GPIOMSP432.oem4f (.const:.string:portInterruptIds)
                  00004034    00000004     release_pem4f.oem4f (.const:ti_sysbios_family_arm_m3_Hwi_E_alreadyDefined__C)
                  00004038    00000004     release_pem4f.oem4f (.const:ti_sysbios_family_arm_m3_Hwi_E_badIntNum__C)
                  0000403c    00000004     release_pem4f.oem4f (.const:ti_sysbios_family_arm_m3_Hwi_NUM_INTERRUPTS__C)
                  00004040    00000004     release_pem4f.oem4f (.const:ti_sysbios_family_arm_m3_Hwi_Object__count__C)
                  00004044    00000004     release_pem4f.oem4f (.const:ti_sysbios_family_arm_m3_Hwi_ccr__C)
                  00004048    00000004     release_pem4f.oem4f (.const:ti_sysbios_family_arm_m3_Hwi_excHandlerFunc__C)
                  0000404c    00000004     release_pem4f.oem4f (.const:ti_sysbios_family_arm_m3_Hwi_nullIsrFunc__C)
                  00004050    00000004     release_pem4f.oem4f (.const:ti_sysbios_family_arm_m3_Hwi_priGroup__C)
                  00004054    00000004     release_pem4f.oem4f (.const:ti_sysbios_family_arm_m3_Hwi_swiDisable__C)
                  00004058    00000004     release_pem4f.oem4f (.const:ti_sysbios_family_arm_m3_Hwi_swiRestore__C)
                  0000405c    00000004     release_pem4f.oem4f (.const:ti_sysbios_family_arm_msp432_Timer_numTimerDevices__C)
                  00004060    00000004     release_pem4f.oem4f (.const:ti_sysbios_family_arm_msp432_Timer_startupNeeded__C)
                  00004064    00000004     release_pem4f.oem4f (.const:ti_sysbios_gates_GateMutex_Instance_State_sem__O)
                  00004068    00000004     release_pem4f.oem4f (.const:ti_sysbios_heaps_HeapMem_E_memory__C)
                  0000406c    00000004     release_pem4f.oem4f (.const:ti_sysbios_heaps_HeapMem_Module__gateObj__C)
                  00004070    00000004     release_pem4f.oem4f (.const:ti_sysbios_heaps_HeapMem_Object__count__C)
                  00004074    00000004     release_pem4f.oem4f (.const:ti_sysbios_heaps_HeapMem_primaryHeapBaseAddr__C)
                  00004078    00000004     release_pem4f.oem4f (.const:ti_sysbios_heaps_HeapMem_primaryHeapEndAddr__C)
                  0000407c    00000004     release_pem4f.oem4f (.const:ti_sysbios_heaps_HeapMem_reqAlign__C)
                  00004080    00000004     release_pem4f.oem4f (.const:ti_sysbios_knl_Clock_Module_State_clockQ__O)
                  00004084    00000004     release_pem4f.oem4f (.const:ti_sysbios_knl_Mailbox_Instance_State_freeQue__O)
                  00004088    00000004     release_pem4f.oem4f (.const:ti_sysbios_knl_Mailbox_Object__count__C)
                  0000408c    00000004     release_pem4f.oem4f (.const:ti_sysbios_knl_Mailbox_maxTypeAlign__C)
                  00004090    00000004     release_pem4f.oem4f (.const:ti_sysbios_knl_Semaphore_Instance_State_pendQ__O)
                  00004094    00000004     release_pem4f.oem4f (.const:ti_sysbios_knl_Swi_Object__count__C)
                  00004098    00000004     release_pem4f.oem4f (.const:ti_sysbios_knl_Task_Module_State_inactiveQ__O)
                  0000409c    00000004     release_pem4f.oem4f (.const:ti_sysbios_knl_Task_Object__count__C)
                  000040a0    00000004     release_pem4f.oem4f (.const:ti_sysbios_knl_Task_Object__heap__C)
                  000040a4    00000004     release_pem4f.oem4f (.const:ti_sysbios_knl_Task_allBlockedFunc__C)
                  000040a8    00000004     release_pem4f.oem4f (.const:ti_sysbios_knl_Task_numConstructedTasks__C)
                  000040ac    00000004     release_pem4f.oem4f (.const:xdc_runtime_Error_E_memory__C)
                  000040b0    00000004     release_pem4f.oem4f (.const:xdc_runtime_Error_policyFxn__C)
                  000040b4    00000004     release_pem4f.oem4f (.const:xdc_runtime_IGateProvider_Interface__BASE__C)
                  000040b8    00000004     release_pem4f.oem4f (.const:xdc_runtime_IHeap_Interface__BASE__C)
                  000040bc    00000004     release_pem4f.oem4f (.const:xdc_runtime_IModule_Interface__BASE__C)
                  000040c0    00000004     release_pem4f.oem4f (.const:xdc_runtime_Memory_defaultHeapInstance__C)
                  000040c4    00000004     release_pem4f.oem4f (.const:xdc_runtime_Startup_execImpl__C)
                  000040c8    00000004     release_pem4f.oem4f (.const:xdc_runtime_Startup_maxPasses__C)
                  000040cc    00000004     release_pem4f.oem4f (.const:xdc_runtime_Startup_sfxnRts__C)
                  000040d0    00000004     release_pem4f.oem4f (.const:xdc_runtime_Startup_sfxnTab__C)
                  000040d4    00000004     release_pem4f.oem4f (.const:xdc_runtime_SysCallback_abortFxn__C)
                  000040d8    00000004     release_pem4f.oem4f (.const:xdc_runtime_SysCallback_exitFxn__C)
                  000040dc    00000004     release_pem4f.oem4f (.const:xdc_runtime_System_Module__gateObj__C)
                  000040e0    00000004     release_pem4f.oem4f (.const:xdc_runtime_System_abortFxn__C)
                  000040e4    00000004     release_pem4f.oem4f (.const:xdc_runtime_System_exitFxn__C)
                  000040e8    00000004     release_pem4f.oem4f (.const:xdc_runtime_System_maxAtexitHandlers__C)
                  000040ec    00000002     release_pem4f.oem4f (.const:ti_sysbios_family_arm_msp432_init_Boot_bypassHFXT__C)
                  000040ee    00000002     release_pem4f.oem4f (.const:ti_sysbios_family_arm_msp432_init_Boot_bypassLFXT__C)
                  000040f0    00000002     release_pem4f.oem4f (.const:ti_sysbios_family_arm_msp432_init_Boot_enableHFXT__C)
                  000040f2    00000002     release_pem4f.oem4f (.const:ti_sysbios_family_arm_msp432_init_Boot_enableLFXT__C)
                  000040f4    00000002     release_pem4f.oem4f (.const:ti_sysbios_heaps_HeapMem_Module__id__C)
                  000040f6    00000002     release_pem4f.oem4f (.const:xdc_runtime_Memory_Module__id__C)
                  000040f8    00000001     release_pem4f.oem4f (.const:xdc_runtime_Error_policy__C)

.cinit     0    00004100    00000230     
                  00004100    0000020b     (.cinit..data.load) [load image, compression = lzss]
                  0000430b    00000001     --HOLE-- [fill = 0]
                  0000430c    0000000c     (__TI_handler_table)
                  00004318    00000008     (.cinit..bss.load) [load image, compression = zero_init]
                  00004320    00000010     (__TI_cinit_table)

.init_array 
*          0    00000000    00000000     UNINITIALIZED

.data      0    20008140    00000604     UNINITIALIZED
                  20008140    00000140     drivers_msp432p401x.aem4f : PowerMSP432.oem4f (.data:PowerMSP432_perfLevels)
                  20008280    00000088     sysbios.aem4f : BIOS.obj (.data:$O1$$)
                  20008308    00000080     release_pem4f.oem4f (.data:ti_sysbios_knl_Swi_Module_State_0_readyQ__A)
                  20008388    00000080     release_pem4f.oem4f (.data:ti_sysbios_knl_Task_Module_State_0_readyQ__A)
                  20008408    00000054     release_pem4f.oem4f (.data:ti_sysbios_gates_GateMutex_Object__table__V)
                  2000845c    0000004c     release_pem4f.oem4f (.data:ti_sysbios_knl_Task_Object__table__V)
                  200084a8    00000044     release_pem4f.oem4f (.data:ti_sysbios_family_arm_msp432_Timer_Object__table__V)
                  200084ec    00000044     release_pem4f.oem4f (.data:ti_sysbios_knl_Task_Module__state__V)
                  20008530    00000034     release_pem4f.oem4f (.data:ti_sysbios_family_arm_m3_Hwi_Module__state__V)
                  20008564    00000030     release_pem4f.oem4f (.data:ti_sysbios_knl_Swi_Object__table__V)
                  20008594    0000002c     drivers_msp432p401x.aem4f : PowerMSP432.oem4f (.data:PowerMSP432_module)
                  200085c0    0000002c     release_pem4f.oem4f (.data:ti_sysbios_knl_Clock_Module__state__V)
                  200085ec    00000024     release_pem4f.oem4f (.data:ti_sysbios_BIOS_Module__state__V)
                  20008610    00000020     release_pem4f.oem4f (.data:ti_sysbios_family_arm_msp432_Timer_Module_State_0_device__A)
                  20008630    00000020     release_pem4f.oem4f (.data:xdc_runtime_Error_IgnoreBlock)
                  20008650    0000001c     release_pem4f.oem4f (.data:ti_sysbios_knl_Swi_Module__state__V)
                  2000866c    00000018     release_pem4f.oem4f (.data:ti_sysbios_family_arm_m3_Hwi_Object__table__V)
                  20008684    00000018     release_pem4f.oem4f (.data:ti_sysbios_heaps_HeapMem_Object__table__V)
                  2000869c    00000010     release_pem4f.oem4f (.data:ti_sysbios_family_arm_msp432_Timer_Module_State_0_handles__A)
                  200086ac    0000000c     release_pem4f.oem4f (.data:ti_sysbios_family_arm_msp432_ClockFreqs_Module__state__V)
                  200086b8    0000000c     release_pem4f.oem4f (.data:ti_sysbios_family_arm_msp432_Timer_Module__state__V)
                  200086c4    00000008     rtsv7M4_T_le_v4SPD16_eabi.lib : _lock.c.obj (.data:$O1$$)
                  200086cc    00000008     release_pem4f.oem4f (.data:ti_sysbios_family_arm_m3_Hwi_Module__root__V)
                  200086d4    00000008     release_pem4f.oem4f (.data:ti_sysbios_gates_GateHwi_Module__root__V)
                  200086dc    00000008     release_pem4f.oem4f (.data:ti_sysbios_gates_GateMutex_Module__root__V)
                  200086e4    00000008     release_pem4f.oem4f (.data:ti_sysbios_heaps_HeapMem_Module__root__V)
                  200086ec    00000008     release_pem4f.oem4f (.data:ti_sysbios_knl_Queue_Module__root__V)
                  200086f4    00000008     release_pem4f.oem4f (.data:ti_sysbios_knl_Semaphore_Module__root__V)
                  200086fc    00000008     release_pem4f.oem4f (.data:ti_sysbios_knl_Task_Module__root__V)
                  20008704    00000008     release_pem4f.oem4f (.data:xdc_runtime_Startup_Module__state__V)
                  2000870c    00000008     release_pem4f.oem4f (.data:xdc_runtime_System_Module_State_0_atexitHandlers__A)
                  20008714    00000008     release_pem4f.oem4f (.data:xdc_runtime_System_Module__state__V)
                  2000871c    00000004     ti_drivers_config.obj (.data:gpioCallbackFunctions)
                  20008720    00000004     ti_drivers_config.obj (.data:gpioPinConfigs)
                  20008724    00000004     rtsv7M4_T_le_v4SPD16_eabi.lib : stkdepth_vars.c.obj (.data)
                  20008728    00000004     release_pem4f.oem4f (.data:ti_sysbios_family_arm_m3_Hwi_Module_State_0_excContext__A)
                  2000872c    00000004     release_pem4f.oem4f (.data:ti_sysbios_family_arm_m3_Hwi_Module_State_0_excStack__A)
                  20008730    00000004     release_pem4f.oem4f (.data:ti_sysbios_gates_GateHwi_Object__table__V)
                  20008734    00000004     release_pem4f.oem4f (.data:ti_sysbios_knl_Task_Module_State_0_idleTask__A)
                  20008738    00000004     release_pem4f.oem4f (.data:ti_sysbios_rts_ti_ReentSupport_Module__state__V)
                  2000873c    00000004     release_pem4f.oem4f (.data:xdc_runtime_Memory_Module__state__V)
                  20008740    00000002     drivers_msp432p401x.aem4f : GPIOMSP432.oem4f (.data)
                  20008742    00000002     release_pem4f.oem4f (.data:ti_sysbios_family_arm_m3_Hwi_Module_State_0_excActive__A)

.bss       0    20008748    00000380     UNINITIALIZED
                  20008748    00000200     release_pem4f.oem4f (.bss:taskStackSection)
                  20008948    00000140     (.common:ti_sysbios_family_arm_m3_Hwi_dispatchTable)
                  20008a88    00000030     drivers_msp432p401x.aem4f : GPIOMSP432.oem4f (.bss:gpioCallbackInfo)
                  20008ab8    00000008     msp432p4xx_driverlib.lib : cs.o (.bss)
                  20008ac0    00000004     drivers_msp432p401x.aem4f : GPIOMSP432.oem4f (.bss)
                  20008ac4    00000004     (.common:ti_sysbios_knl_Task_Instance_State_0_hookEnv__A)

.priheap   0    20000140    00008000     UNINITIALIZED
                  20000140    00008000     --HOLE--

.stack     0    2000fc00    00000400     UNINITIALIZED
                  2000fc00    00000400     --HOLE--

.bootVecs 
*          0    00000000    00000008     DSECT
                  00000000    00000008     boot.aem4f : boot.oem4f (.bootVecs)

.resetVecs 
*          0    00000000    0000003c     
                  00000000    0000003c     release_pem4f.oem4f (.resetVecs)

.vecs      0    20000000    00000140     NOLOAD SECTION
                  20000000    00000140     release_pem4f.oem4f (.vecs)

xdc.meta   0    00000000    0000010b     COPY SECTION
                  00000000    0000010b     release_pem4f.oem4f (xdc.meta)

xdc.noload 
*          0    00000000    00000000     COPY SECTION

.binit     0    00000000    00000000     

MODULE SUMMARY

       Module                       code    ro data   rw data
       ------                       ----    -------   -------
    ./
       main.obj                     16      0         0      
    +--+----------------------------+-------+---------+---------+
       Total:                       16      0         0      
                                                             
    ./syscfg/
       ti_drivers_config.obj        14      76        16     
    +--+----------------------------+-------+---------+---------+
       Total:                       14      76        16     
                                                             
    /Users/bandaralghamdi/Documents/workspace/tirtos_builds_MSP_EXP432P401R_release_ccs/Debug/configPkg/package/cfg/
       release_pem4f.oem4f          1302    977       4348   
    +--+----------------------------+-------+---------+---------+
       Total:                       1302    977       4348   
                                                             
    /Applications/ti/ccs930/ccs/tools/compiler/ti-cgt-arm_18.12.5.LTS/lib/rtsv7M4_T_le_v4SPD16_eabi.lib
       memcpy_t2.asm.obj            156     0         0      
       memset_t2.asm.obj            122     0         0      
       copy_decompress_lzss.c.obj   104     0         0      
       cpy_tbl.c.obj                76      0         0      
       _lock.c.obj                  26      0         16     
       copy_zero_init.c.obj         28      0         0      
       args_main.c.obj              24      0         0      
       copy_decompress_none.c.obj   14      0         0      
       stkdepth_vars.c.obj          0       0         8      
    +--+----------------------------+-------+---------+---------+
       Total:                       550     0         24     
                                                             
    /Users/bandaralghamdi/Documents/workspace/tirtos_builds_MSP_EXP432P401R_release_ccs/src/sysbios/sysbios.aem4f
       BIOS.obj                     7044    0         272    
       m3_Hwi_asm.obj               318     0         0      
       m3_TaskSupport_asm.obj       180     0         0      
       m3_Hwi_asm_switch.obj        118     0         0      
    +--+----------------------------+-------+---------+---------+
       Total:                       7660    0         272    
                                                             
    /Users/bandaralghamdi/ti/simplelink_msp432p4_sdk_3_40_01_02/kernel/tirtos/packages/ti/dpl/lib/dpl_msp432p401x.aem4f
       PowerMSP432_tirtos.oem4f     122     0         0      
       HwiP_tirtos.oem4f            84      0         0      
       SemaphoreP_tirtos.oem4f      78      0         0      
    +--+----------------------------+-------+---------+---------+
       Total:                       284     0         0      
                                                             
    /Users/bandaralghamdi/ti/simplelink_msp432p4_sdk_3_40_01_02/kernel/tirtos/packages/ti/targets/arm/rtsarm/lib/auto_init.aem4f
       auto_init.oem4f              160     0         0      
    +--+----------------------------+-------+---------+---------+
       Total:                       160     0         0      
                                                             
    /Users/bandaralghamdi/ti/simplelink_msp432p4_sdk_3_40_01_02/kernel/tirtos/packages/ti/targets/arm/rtsarm/lib/boot.aem4f
       boot.oem4f                   88      0         0      
    +--+----------------------------+-------+---------+---------+
       Total:                       88      0         0      
                                                             
    /Users/bandaralghamdi/ti/simplelink_msp432p4_sdk_3_40_01_02/source/ti/devices/msp432p4xx/driverlib/ccs/msp432p4xx_driverlib.lib
       pcm.o                        1770    0         0      
       cs.o                         704     0         16     
       sysctl_a.o                   64      0         0      
       rtc_c.o                      44      0         0      
       wdt_a.o                      36      0         0      
       cpu.o                        28      0         0      
       sysctl.o                     16      0         0      
    +--+----------------------------+-------+---------+---------+
       Total:                       2662    0         16     
                                                             
    /Users/bandaralghamdi/ti/simplelink_msp432p4_sdk_3_40_01_02/source/ti/drivers/lib/drivers_msp432p401x.aem4f
       PowerMSP432.oem4f            1864    0         728    
       GPIOMSP432.oem4f             740     12        108    
    +--+----------------------------+-------+---------+---------+
       Total:                       2604    12        836    
                                                             
       Stack:                       0       0         2048   
       Linker Generated:            0       559       0      
    +--+----------------------------+-------+---------+---------+
       Grand Total:                 15340   1624      7560   


LINKER GENERATED COPY TABLES

__TI_cinit_table @ 00004320 records: 2, size/record: 8, table size: 16
	.data: load addr=00004100, load size=0000020b bytes, run addr=20008140, run size=00000604 bytes, compression=lzss
	.bss: load addr=00004318, load size=00000008 bytes, run addr=20008748, run size=00000380 bytes, compression=zero_init


LINKER GENERATED HANDLER TABLE

__TI_handler_table @ 0000430c records: 3, size/record: 4, table size: 12
	index: 0, handler: __TI_decompress_lzss
	index: 1, handler: __TI_decompress_none
	index: 2, handler: __TI_zero_init


GLOBAL SYMBOLS: SORTED ALPHABETICALLY BY Name 

address   name                                                            
-------   ----                                                            
00003b8f  Board_init                                                      
000005c3  Board_initHook                                                  
00003b9b  CPU_cpsid                                                       
00003ba7  CPU_cpsie                                                       
00001065  CPU_wfi                                                         
00003605  CS_setExternalClockSourceFrequency                              
00001251  CS_startHFXTWithTimeout                                         
00001335  CS_startLFXTWithTimeout                                         
00003fcc  GPIOMSP432_config                                               
000021b5  GPIO_hwiIntFxn                                                  
00001679  GPIO_init                                                       
00002355  GPIO_setCallback                                                
0000084d  GPIO_setConfig                                                  
00008000  HEAPSIZE                                                        
000039ed  HwiP_Params_init                                                
00002c75  HwiP_create                                                     
00001725  HwiP_disable                                                    
00003c91  HwiP_restore                                                    
00002479  PCM_getCoreVoltageLevel                                         
000025f5  PCM_getPowerMode                                                
00003939  PCM_getPowerState                                               
00003379  PCM_gotoLPM0                                                    
00001dc1  PCM_gotoLPM3                                                    
000039fd  PCM_gotoLPM4                                                    
00003a0d  PCM_setPowerMode                                                
00003a1d  PCM_setPowerState                                               
00002701  PCM_shutdownDevice                                              
00003d48  PowerMSP432_config                                              
000017d7  PowerMSP432_initPolicy                                          
20008594  PowerMSP432_module                                              
20008140  PowerMSP432_perfLevels                                          
00002851  PowerMSP432_sleepPolicy                                         
000031b9  PowerMSP432_updateFreqs                                         
00003bb5  Power_getConstraintMask                                         
0000394d  Power_idleFunc                                                  
00001921  Power_init                                                      
00000041  Power_sleep                                                     
000031e5  RTC_C_holdClock                                                 
UNDEFED   SHT$$INIT_ARRAY$$Base                                           
UNDEFED   SHT$$INIT_ARRAY$$Limit                                          
00003211  SemaphoreP_createBinary                                         
00003bc1  SemaphoreP_delete                                               
000039b5  SemaphoreP_pend                                                 
000017d3  SemaphoreP_post                                                 
00003815  SysCtl_A_disableNMISource                                       
0000382d  SysCtl_A_enableNMISource                                        
00003a2d  SysCtl_A_getNMISourceStatus                                     
00003a3d  SysCtl_getNMISourceStatus                                       
4000480c  WDTCTL_SYM                                                      
00003491  WDT_A_holdTimer                                                 
00000000  __ASM__                                                         
0000008c  __ISA__                                                         
0000009f  __PLAT__                                                        
20010000  __STACK_END                                                     
00000400  __STACK_SIZE                                                    
000000c2  __TARG__                                                        
00004320  __TI_CINIT_Base                                                 
00004330  __TI_CINIT_Limit                                                
0000430c  __TI_Handler_Table_Base                                         
00004318  __TI_Handler_Table_Limit                                        
00001881  __TI_auto_init                                                  
0000221d  __TI_decompress_lzss                                            
00003b61  __TI_decompress_none                                            
ffffffff  __TI_pprof_out_hndl                                             
ffffffff  __TI_prof_data_size                                             
ffffffff  __TI_prof_data_start                                            
00004100  __TI_static_base__                                              
00003707  __TI_zero_init_nomemset                                         
000000e8  __TRDR__                                                        
00002059  __aeabi_memclr                                                  
00002059  __aeabi_memclr4                                                 
00002059  __aeabi_memclr8                                                 
000019bd  __aeabi_memcpy                                                  
000019bd  __aeabi_memcpy4                                                 
000019bd  __aeabi_memcpy8                                                 
0000205b  __aeabi_memset                                                  
0000205b  __aeabi_memset4                                                 
0000205b  __aeabi_memset8                                                 
ffffffff  __binit__                                                       
ffffffff  __c_args__                                                      
20008140  __primary_heap_end__                                            
20000140  __primary_heap_start__                                          
2000fc00  __stack                                                         
00003845  _args_main                                                      
00002651  _c_int00                                                        
200086c4  _lock                                                           
00001dbf  _nop                                                            
00003241  _pthread_cleanupFxn                                             
00003bcd  _register_lock                                                  
00003bd9  _register_unlock                                                
200086c8  _unlock                                                         
ffffffff  binit                                                           
0000289d  copy_in                                                         
2000871c  gpioCallbackFunctions                                           
20008720  gpioPinConfigs                                                  
00003a4d  main                                                            
20008724  main_func_sp                                                    
000019bd  memcpy                                                          
00002061  memset                                                          
200085ec  ti_sysbios_BIOS_Module__state__V                                
000032c9  ti_sysbios_BIOS_RtsGateProxy_Handle__label__S                   
00001aed  ti_sysbios_BIOS_RtsGateProxy_enter__E                           
00001b85  ti_sysbios_BIOS_RtsGateProxy_leave__E                           
00003cc9  ti_sysbios_BIOS_RtsGateProxy_query__E                           
00002f15  ti_sysbios_BIOS_atExitFunc__I                                   
00003909  ti_sysbios_BIOS_exitFunc__I                                     
00003a61  ti_sysbios_BIOS_exit__E                                         
00003cd9  ti_sysbios_BIOS_linkedWithIncorrectBootLibrary__E               
000020d7  ti_sysbios_BIOS_nullFunc__I                                     
000034b5  ti_sysbios_BIOS_registerRTSLock__I                              
000034d9  ti_sysbios_BIOS_removeRTSLock__I                                
00003625  ti_sysbios_BIOS_rtsLock__I                                      
0000385d  ti_sysbios_BIOS_rtsUnlock__I                                    
00003a71  ti_sysbios_BIOS_setCpuFreq__E                                   
00003a81  ti_sysbios_BIOS_setThreadType__E                                
00002f45  ti_sysbios_BIOS_startFunc__I                                    
00003a91  ti_sysbios_BIOS_start__E                                        
00004034  ti_sysbios_family_arm_m3_Hwi_E_alreadyDefined__C                
00004038  ti_sysbios_family_arm_m3_Hwi_E_badIntNum__C                     
00002d79  ti_sysbios_family_arm_m3_Hwi_Instance_finalize__E               
000015c1  ti_sysbios_family_arm_m3_Hwi_Instance_init__E                   
20008742  ti_sysbios_family_arm_m3_Hwi_Module_State_0_excActive__A        
20008728  ti_sysbios_family_arm_m3_Hwi_Module_State_0_excContext__A       
2000872c  ti_sysbios_family_arm_m3_Hwi_Module_State_0_excStack__A         
00003ff2  ti_sysbios_family_arm_m3_Hwi_Module__id__C                      
200086cc  ti_sysbios_family_arm_m3_Hwi_Module__root__V                    
00003875  ti_sysbios_family_arm_m3_Hwi_Module__startupDone__F             
00003875  ti_sysbios_family_arm_m3_Hwi_Module__startupDone__S             
20008530  ti_sysbios_family_arm_m3_Hwi_Module__state__V                   
00002801  ti_sysbios_family_arm_m3_Hwi_Module_startup__E                  
0000403c  ti_sysbios_family_arm_m3_Hwi_NUM_INTERRUPTS__C                  
00003e8c  ti_sysbios_family_arm_m3_Hwi_Object__DESC__C                    
00003d80  ti_sysbios_family_arm_m3_Hwi_Object__PARAMS__C                  
00004040  ti_sysbios_family_arm_m3_Hwi_Object__count__C                   
00003961  ti_sysbios_family_arm_m3_Hwi_Object__get__S                     
2000866c  ti_sysbios_family_arm_m3_Hwi_Object__table__V                   
00003be5  ti_sysbios_family_arm_m3_Hwi_Params__init__S                    
00004044  ti_sysbios_family_arm_m3_Hwi_ccr__C                             
00002755  ti_sysbios_family_arm_m3_Hwi_create                             
00003bf1  ti_sysbios_family_arm_m3_Hwi_disableFxn__E                      
00002ac9  ti_sysbios_family_arm_m3_Hwi_disableInterrupt__E                
000022f1  ti_sysbios_family_arm_m3_Hwi_dispatchC__I                       
20008948  ti_sysbios_family_arm_m3_Hwi_dispatchTable                      
00001161  ti_sysbios_family_arm_m3_Hwi_dispatch__I                        
00003c79  ti_sysbios_family_arm_m3_Hwi_doSwiRestore__I                    
00003c89  ti_sysbios_family_arm_m3_Hwi_doTaskRestore__I                   
00002b11  ti_sysbios_family_arm_m3_Hwi_enableInterrupt__E                 
000033f1  ti_sysbios_family_arm_m3_Hwi_excHandlerAsm__I                   
00004048  ti_sysbios_family_arm_m3_Hwi_excHandlerFunc__C                  
00003729  ti_sysbios_family_arm_m3_Hwi_excHandler__I                      
00002be9  ti_sysbios_family_arm_m3_Hwi_getStackInfo__E                    
00001a59  ti_sysbios_family_arm_m3_Hwi_initNVIC__E                        
000026a9  ti_sysbios_family_arm_m3_Hwi_initStacks__E                      
00001235  ti_sysbios_family_arm_m3_Hwi_interruptsAreDisabledButShouldNotBe
0000404c  ti_sysbios_family_arm_m3_Hwi_nullIsrFunc__C                     
e000e000  ti_sysbios_family_arm_m3_Hwi_nvic                               
00003469  ti_sysbios_family_arm_m3_Hwi_pendSV__I                          
00001ec9  ti_sysbios_family_arm_m3_Hwi_postInit__I                        
00004050  ti_sysbios_family_arm_m3_Hwi_priGroup__C                        
20000000  ti_sysbios_family_arm_m3_Hwi_ramVectors                         
00000000  ti_sysbios_family_arm_m3_Hwi_resetVectors                       
00003c91  ti_sysbios_family_arm_m3_Hwi_restoreFxn__E                      
0000348d  ti_sysbios_family_arm_m3_Hwi_return                             
00003c81  ti_sysbios_family_arm_m3_Hwi_startup__E                         
00004054  ti_sysbios_family_arm_m3_Hwi_swiDisable__C                      
00004058  ti_sysbios_family_arm_m3_Hwi_swiRestore__C                      
00003979  ti_sysbios_family_arm_m3_Hwi_switchFromBootStack__E             
00001ca5  ti_sysbios_family_arm_m3_TaskSupport_Module__startupDone__S     
00001c19  ti_sysbios_family_arm_m3_TaskSupport_buildTaskStack             
00003aa1  ti_sysbios_family_arm_m3_TaskSupport_glue                       
00002f79  ti_sysbios_family_arm_m3_TaskSupport_start__E                   
0000388d  ti_sysbios_family_arm_m3_TaskSupport_swap__E                    
200086ac  ti_sysbios_family_arm_msp432_ClockFreqs_Module__state__V        
00003501  ti_sysbios_family_arm_msp432_ClockFreqs_setFrequency__E         
00002db9  ti_sysbios_family_arm_msp432_Seconds_Module_startup__E          
20008610  ti_sysbios_family_arm_msp432_Timer_Module_State_0_device__A     
2000869c  ti_sysbios_family_arm_msp432_Timer_Module_State_0_handles__A    
000038a5  ti_sysbios_family_arm_msp432_Timer_Module__startupDone__F       
000038a5  ti_sysbios_family_arm_msp432_Timer_Module__startupDone__S       
200086b8  ti_sysbios_family_arm_msp432_Timer_Module__state__V             
00002cb9  ti_sysbios_family_arm_msp432_Timer_Module_startup__E            
200084a8  ti_sysbios_family_arm_msp432_Timer_Object__table__V             
00003c01  ti_sysbios_family_arm_msp432_Timer_getMaxTicks__E               
000027a9  ti_sysbios_family_arm_msp432_Timer_initDevice__I                
0000405c  ti_sysbios_family_arm_msp432_Timer_numTimerDevices__C           
000017d9  ti_sysbios_family_arm_msp432_Timer_periodicStub__E              
000028e9  ti_sysbios_family_arm_msp432_Timer_postInit__I                  
00002939  ti_sysbios_family_arm_msp432_Timer_start__E                     
00004060  ti_sysbios_family_arm_msp432_Timer_startupNeeded__C             
00002cf9  ti_sysbios_family_arm_msp432_Timer_startup__E                   
000040ec  ti_sysbios_family_arm_msp432_init_Boot_bypassHFXT__C            
000040ee  ti_sysbios_family_arm_msp432_init_Boot_bypassLFXT__C            
00001069  ti_sysbios_family_arm_msp432_init_Boot_configureClocksHigh      
00003ab1  ti_sysbios_family_arm_msp432_init_Boot_disableWatchdog          
000040f0  ti_sysbios_family_arm_msp432_init_Boot_enableHFXT__C            
000040f2  ti_sysbios_family_arm_msp432_init_Boot_enableLFXT__C            
000037fd  ti_sysbios_family_arm_msp432_init_Boot_init__I                  
000036e9  ti_sysbios_family_xxx_Hwi_switchAndRunFunc                      
0000329d  ti_sysbios_gates_GateHwi_Handle__label__S                       
00003ce1  ti_sysbios_gates_GateHwi_Instance_init__E                       
00003dd8  ti_sysbios_gates_GateHwi_Module__FXNS__C                        
200086d4  ti_sysbios_gates_GateHwi_Module__root__V                        
00003eac  ti_sysbios_gates_GateHwi_Object__DESC__C                        
00003f6c  ti_sysbios_gates_GateHwi_Object__PARAMS__C                      
00002fa9  ti_sysbios_gates_GateHwi_Object__create__S                      
00003645  ti_sysbios_gates_GateHwi_Object__delete__S                      
20008730  ti_sysbios_gates_GateHwi_Object__table__V                       
00003c11  ti_sysbios_gates_GateHwi_enter__E                               
00003c99  ti_sysbios_gates_GateHwi_leave__E                               
00003cc1  ti_sysbios_gates_GateHwi_query__E                               
000032c9  ti_sysbios_gates_GateMutex_Handle__label__S                     
00004064  ti_sysbios_gates_GateMutex_Instance_State_sem__O                
00003ac1  ti_sysbios_gates_GateMutex_Instance_finalize__E                 
00003749  ti_sysbios_gates_GateMutex_Instance_init__E                     
00003dfc  ti_sysbios_gates_GateMutex_Module__FXNS__C                      
200086dc  ti_sysbios_gates_GateMutex_Module__root__V                      
00003ecc  ti_sysbios_gates_GateMutex_Object__DESC__C                      
00003f84  ti_sysbios_gates_GateMutex_Object__PARAMS__C                    
00002fd9  ti_sysbios_gates_GateMutex_Object__create__S                    
00003525  ti_sysbios_gates_GateMutex_Object__delete__S                    
20008408  ti_sysbios_gates_GateMutex_Object__table__V                     
00003009  ti_sysbios_gates_GateMutex_enter__E                             
000038c1  ti_sysbios_gates_GateMutex_leave__E                             
00003cc9  ti_sysbios_gates_GateMutex_query__E                             
00003875  ti_sysbios_hal_Hwi_HwiProxy_Module__startupDone__S              
00003be5  ti_sysbios_hal_Hwi_HwiProxy_Params__init__S                     
00002ac9  ti_sysbios_hal_Hwi_HwiProxy_disableInterrupt__E                 
00003bf1  ti_sysbios_hal_Hwi_HwiProxy_disable__E                          
00002b11  ti_sysbios_hal_Hwi_HwiProxy_enableInterrupt__E                  
00002be9  ti_sysbios_hal_Hwi_HwiProxy_getStackInfo__E                     
00003c91  ti_sysbios_hal_Hwi_HwiProxy_restore__E                          
00003c81  ti_sysbios_hal_Hwi_HwiProxy_startup__E                          
00003979  ti_sysbios_hal_Hwi_HwiProxy_switchFromBootStack__E              
000039c9  ti_sysbios_hal_Hwi_Module_startup__E                            
00002ac9  ti_sysbios_hal_Hwi_disableInterrupt__E                          
00002b11  ti_sysbios_hal_Hwi_enableInterrupt__E                           
00002be9  ti_sysbios_hal_Hwi_getStackInfo__E                              
00002ee1  ti_sysbios_hal_Hwi_initStack                                    
00003c81  ti_sysbios_hal_Hwi_startup__E                                   
00003979  ti_sysbios_hal_Hwi_switchFromBootStack__E                       
00004068  ti_sysbios_heaps_HeapMem_E_memory__C                            
000032f5  ti_sysbios_heaps_HeapMem_Handle__label__S                       
00002d39  ti_sysbios_heaps_HeapMem_Instance_init__E                       
000032c9  ti_sysbios_heaps_HeapMem_Module_GateProxy_Handle__label__S      
00001d35  ti_sysbios_heaps_HeapMem_Module_GateProxy_enter__E              
00001f4d  ti_sysbios_heaps_HeapMem_Module_GateProxy_leave__E              
00003cc9  ti_sysbios_heaps_HeapMem_Module_GateProxy_query__E              
00003db0  ti_sysbios_heaps_HeapMem_Module__FXNS__C                        
0000406c  ti_sysbios_heaps_HeapMem_Module__gateObj__C                     
000040f4  ti_sysbios_heaps_HeapMem_Module__id__C                          
200086e4  ti_sysbios_heaps_HeapMem_Module__root__V                        
00003eec  ti_sysbios_heaps_HeapMem_Object__DESC__C                        
00003e20  ti_sysbios_heaps_HeapMem_Object__PARAMS__C                      
00004070  ti_sysbios_heaps_HeapMem_Object__count__C                       
00003039  ti_sysbios_heaps_HeapMem_Object__create__S                      
00003665  ti_sysbios_heaps_HeapMem_Object__delete__S                      
0000398d  ti_sysbios_heaps_HeapMem_Object__get__S                         
20008684  ti_sysbios_heaps_HeapMem_Object__table__V                       
000014f1  ti_sysbios_heaps_HeapMem_alloc__E                               
00001f51  ti_sysbios_heaps_HeapMem_free__E                                
00002989  ti_sysbios_heaps_HeapMem_getStats__E                            
000020d9  ti_sysbios_heaps_HeapMem_initPrimary__I                         
00003ca1  ti_sysbios_heaps_HeapMem_isBlocking__E                          
00004074  ti_sysbios_heaps_HeapMem_primaryHeapBaseAddr__C                 
00004078  ti_sysbios_heaps_HeapMem_primaryHeapEndAddr__C                  
0000407c  ti_sysbios_heaps_HeapMem_reqAlign__C                            
00004080  ti_sysbios_knl_Clock_Module_State_clockQ__O                     
200085c0  ti_sysbios_knl_Clock_Module__state__V                           
00003549  ti_sysbios_knl_Clock_Module_startup__E                          
000038a5  ti_sysbios_knl_Clock_TimerProxy_Module__startupDone__S          
00001fd5  ti_sysbios_knl_Clock_TimerProxy_getMaxTicks__E                  
00002cf9  ti_sysbios_knl_Clock_TimerProxy_startup__E                      
00003419  ti_sysbios_knl_Clock_addI__E                                    
00003321  ti_sysbios_knl_Clock_doTick__I                                  
00003ce9  ti_sysbios_knl_Clock_logTick__E                                 
00001fd9  ti_sysbios_knl_Clock_workFunc__E                                
00004000  ti_sysbios_knl_Idle_funcList__A                                 
00004008  ti_sysbios_knl_Idle_funcList__C                                 
00003b71  ti_sysbios_knl_Idle_loop__E                                     
00003689  ti_sysbios_knl_Idle_run__E                                      
00004084  ti_sysbios_knl_Mailbox_Instance_State_freeQue__O                
00002b59  ti_sysbios_knl_Mailbox_Module_startup__E                        
00004088  ti_sysbios_knl_Mailbox_Object__count__C                         
00003ad1  ti_sysbios_knl_Mailbox_Object__get__S                           
0000408c  ti_sysbios_knl_Mailbox_maxTypeAlign__C                          
00003069  ti_sysbios_knl_Mailbox_postInit__I                              
00003ca9  ti_sysbios_knl_Queue_Instance_init__E                           
200086ec  ti_sysbios_knl_Queue_Module__root__V                            
00003f0c  ti_sysbios_knl_Queue_Object__DESC__C                            
00003f9c  ti_sysbios_knl_Queue_Object__PARAMS__C                          
00003c1d  ti_sysbios_knl_Queue_Object__get__S                             
0000334d  ti_sysbios_knl_Queue_construct                                  
00003765  ti_sysbios_knl_Queue_destruct                                   
00003b81  ti_sysbios_knl_Queue_empty__E                                   
00003781  ti_sysbios_knl_Queue_put__E                                     
00004090  ti_sysbios_knl_Semaphore_Instance_State_pendQ__O                
00003ae1  ti_sysbios_knl_Semaphore_Instance_finalize__E                   
00003571  ti_sysbios_knl_Semaphore_Instance_init__E                       
200086f4  ti_sysbios_knl_Semaphore_Module__root__V                        
00003f2c  ti_sysbios_knl_Semaphore_Object__DESC__C                        
00003e44  ti_sysbios_knl_Semaphore_Object__PARAMS__C                      
00003595  ti_sysbios_knl_Semaphore_Object__delete__S                      
00003c29  ti_sysbios_knl_Semaphore_Params__init__S                        
00003099  ti_sysbios_knl_Semaphore_construct                              
00002ea9  ti_sysbios_knl_Semaphore_create                                 
000020d3  ti_sysbios_knl_Semaphore_delete                                 
000036a9  ti_sysbios_knl_Semaphore_destruct                               
000030c9  ti_sysbios_knl_Semaphore_pendTimeout__I                         
00000b19  ti_sysbios_knl_Semaphore_pend__E                                
000023b9  ti_sysbios_knl_Semaphore_post__E                                
20008308  ti_sysbios_knl_Swi_Module_State_0_readyQ__A                     
20008650  ti_sysbios_knl_Swi_Module__state__V                             
00003441  ti_sysbios_knl_Swi_Module_startup__E                            
00004094  ti_sysbios_knl_Swi_Object__count__C                             
000039a1  ti_sysbios_knl_Swi_Object__get__S                               
20008564  ti_sysbios_knl_Swi_Object__table__V                             
00003af1  ti_sysbios_knl_Swi_disable__E                                   
00002c31  ti_sysbios_knl_Swi_post__E                                      
00002149  ti_sysbios_knl_Swi_restoreHwi__E                                
00002df9  ti_sysbios_knl_Swi_restore__E                                   
000029d9  ti_sysbios_knl_Swi_runLoop__I                                   
00002419  ti_sysbios_knl_Swi_run__I                                       
000024d9  ti_sysbios_knl_Swi_schedule__I                                  
00003cb1  ti_sysbios_knl_Swi_startup__E                                   
20008ac4  ti_sysbios_knl_Task_Instance_State_0_hookEnv__A                 
20008748  ti_sysbios_knl_Task_Instance_State_0_stack__A                   
00000f61  ti_sysbios_knl_Task_Instance_finalize__E                        
20008734  ti_sysbios_knl_Task_Module_State_0_idleTask__A                  
20008388  ti_sysbios_knl_Task_Module_State_0_readyQ__A                    
00004098  ti_sysbios_knl_Task_Module_State_inactiveQ__O                   
200086fc  ti_sysbios_knl_Task_Module__root__V                             
200084ec  ti_sysbios_knl_Task_Module__state__V                            
00001b89  ti_sysbios_knl_Task_Module_startup__E                           
00003f4c  ti_sysbios_knl_Task_Object__DESC__C                             
00003d0c  ti_sysbios_knl_Task_Object__PARAMS__C                           
0000409c  ti_sysbios_knl_Task_Object__count__C                            
000036c9  ti_sysbios_knl_Task_Object__delete__S                           
00003b01  ti_sysbios_knl_Task_Object__get__S                              
[...]
00003689  ti_sysbios_knl_Idle_run__E                                      
000036a9  ti_sysbios_knl_Semaphore_destruct                               
000036c9  ti_sysbios_knl_Task_Object__delete__S                           
000036e9  ti_sysbios_family_xxx_Hwi_switchAndRunFunc                      
00003707  __TI_zero_init_nomemset                                         
00003729  ti_sysbios_family_arm_m3_Hwi_excHandler__I                      
00003749  ti_sysbios_gates_GateMutex_Instance_init__E                     
00003765  ti_sysbios_knl_Queue_destruct                                   
00003781  ti_sysbios_knl_Queue_put__E                                     
000037a1  ti_sysbios_knl_Task_enter__I                                    
000037c1  xdc_runtime_Memory_valloc__E                                    
000037e1  xdc_runtime_System_abort__E                                     
000037fd  ti_sysbios_family_arm_msp432_init_Boot_init__I                  
000037fd  xdc_runtime_Startup_reset__I                                    
00003815  SysCtl_A_disableNMISource                                       
0000382d  SysCtl_A_enableNMISource                                        
00003845  _args_main                                                      
0000385d  ti_sysbios_BIOS_rtsUnlock__I                                    
00003875  ti_sysbios_family_arm_m3_Hwi_Module__startupDone__F             
00003875  ti_sysbios_family_arm_m3_Hwi_Module__startupDone__S             
00003875  ti_sysbios_hal_Hwi_HwiProxy_Module__startupDone__S              
0000388d  ti_sysbios_family_arm_m3_TaskSupport_swap__E                    
0000388d  ti_sysbios_knl_Task_SupportProxy_swap__E                        
00003899  ti_sysbios_knl_Task_swapReturn                                  
000038a5  ti_sysbios_family_arm_msp432_Timer_Module__startupDone__F       
000038a5  ti_sysbios_family_arm_msp432_Timer_Module__startupDone__S       
000038a5  ti_sysbios_knl_Clock_TimerProxy_Module__startupDone__S          
000038c1  ti_sysbios_gates_GateMutex_leave__E                             
000038d9  xdc_runtime_Error_init__E                                       
000038f1  xdc_runtime_System_exit__E                                      
00003909  ti_sysbios_BIOS_exitFunc__I                                     
00003921  ti_sysbios_knl_Task_unblock__E                                  
00003939  PCM_getPowerState                                               
0000394d  Power_idleFunc                                                  
00003961  ti_sysbios_family_arm_m3_Hwi_Object__get__S                     
00003979  ti_sysbios_family_arm_m3_Hwi_switchFromBootStack__E             
00003979  ti_sysbios_hal_Hwi_HwiProxy_switchFromBootStack__E              
00003979  ti_sysbios_hal_Hwi_switchFromBootStack__E                       
0000398d  ti_sysbios_heaps_HeapMem_Object__get__S                         
000039a1  ti_sysbios_knl_Swi_Object__get__S                               
000039b5  SemaphoreP_pend                                                 
000039c9  ti_sysbios_hal_Hwi_Module_startup__E                            
000039db  xdc_runtime_Startup_exec__I                                     
000039ed  HwiP_Params_init                                                
000039fd  PCM_gotoLPM4                                                    
00003a0d  PCM_setPowerMode                                                
00003a1d  PCM_setPowerState                                               
00003a2d  SysCtl_A_getNMISourceStatus                                     
00003a3d  SysCtl_getNMISourceStatus                                       
00003a4d  main                                                            
00003a61  ti_sysbios_BIOS_exit__E                                         
00003a71  ti_sysbios_BIOS_setCpuFreq__E                                   
00003a81  ti_sysbios_BIOS_setThreadType__E                                
00003a91  ti_sysbios_BIOS_start__E                                        
00003aa1  ti_sysbios_family_arm_m3_TaskSupport_glue                       
00003ab1  ti_sysbios_family_arm_msp432_init_Boot_disableWatchdog          
00003ac1  ti_sysbios_gates_GateMutex_Instance_finalize__E                 
00003ad1  ti_sysbios_knl_Mailbox_Object__get__S                           
00003ae1  ti_sysbios_knl_Semaphore_Instance_finalize__E                   
00003af1  ti_sysbios_knl_Swi_disable__E                                   
00003b01  ti_sysbios_knl_Task_Object__get__S                              
00003b11  ti_sysbios_knl_Task_disable__E                                  
00003b21  xdc_runtime_Gate_leaveSystem__E                                 
00003b31  xdc_runtime_Memory_free__E                                      
00003b41  xdc_runtime_SysCallback_abort__E                                
00003b41  xdc_runtime_System_SupportProxy_abort__E                        
00003b51  xdc_runtime_SysCallback_exit__E                                 
00003b51  xdc_runtime_System_SupportProxy_exit__E                         
00003b61  __TI_decompress_none                                            
00003b71  ti_sysbios_knl_Idle_loop__E                                     
00003b81  ti_sysbios_knl_Queue_empty__E                                   
00003b8f  Board_init                                                      
00003b9b  CPU_cpsid                                                       
00003ba7  CPU_cpsie                                                       
00003bb5  Power_getConstraintMask                                         
00003bc1  SemaphoreP_delete                                               
00003bcd  _register_lock                                                  
00003bd9  _register_unlock                                                
00003be5  ti_sysbios_family_arm_m3_Hwi_Params__init__S                    
00003be5  ti_sysbios_hal_Hwi_HwiProxy_Params__init__S                     
00003bf1  ti_sysbios_family_arm_m3_Hwi_disableFxn__E                      
00003bf1  ti_sysbios_hal_Hwi_HwiProxy_disable__E                          
00003c01  ti_sysbios_family_arm_msp432_Timer_getMaxTicks__E               
00003c11  ti_sysbios_gates_GateHwi_enter__E                               
00003c1d  ti_sysbios_knl_Queue_Object__get__S                             
00003c29  ti_sysbios_knl_Semaphore_Params__init__S                        
00003c39  ti_sysbios_rts_ti_ReentSupport_taskRegHook__I                   
00003c49  xdc_runtime_Gate_enterSystem__E                                 
00003c59  xdc_runtime_Startup_rtsDone__E                                  
00003c65  xdc_runtime_Memory_HeapProxy_alloc__E                           
00003c6f  xdc_runtime_Memory_HeapProxy_free__E                            
00003c79  ti_sysbios_family_arm_m3_Hwi_doSwiRestore__I                    
00003c81  ti_sysbios_family_arm_m3_Hwi_startup__E                         
00003c81  ti_sysbios_hal_Hwi_HwiProxy_startup__E                          
00003c81  ti_sysbios_hal_Hwi_startup__E                                   
00003c89  ti_sysbios_family_arm_m3_Hwi_doTaskRestore__I                   
00003c91  HwiP_restore                                                    
00003c91  ti_sysbios_family_arm_m3_Hwi_restoreFxn__E                      
00003c91  ti_sysbios_hal_Hwi_HwiProxy_restore__E                          
00003c99  ti_sysbios_gates_GateHwi_leave__E                               
00003ca1  ti_sysbios_heaps_HeapMem_isBlocking__E                          
00003ca9  ti_sysbios_knl_Queue_Instance_init__E                           
00003cb1  ti_sysbios_knl_Swi_startup__E                                   
00003cb9  xdc_runtime_System_Module_startup__E                            
00003cc1  ti_sysbios_gates_GateHwi_query__E                               
00003cc1  xdc_runtime_Main_Module_GateProxy_query__E                      
00003cc1  xdc_runtime_System_Module_GateProxy_query__E                    
00003cc9  ti_sysbios_BIOS_RtsGateProxy_query__E                           
00003cc9  ti_sysbios_gates_GateMutex_query__E                             
00003cc9  ti_sysbios_heaps_HeapMem_Module_GateProxy_query__E              
00003cd1  ti_sysbios_knl_Task_startup__E                                  
00003cd9  ti_sysbios_BIOS_linkedWithIncorrectBootLibrary__E               
00003ce1  ti_sysbios_gates_GateHwi_Instance_init__E                       
00003ce9  ti_sysbios_knl_Clock_logTick__E                                 
00003cf1  xdc_runtime_SysCallback_defaultAbort                            
00003cf9  xdc_runtime_SysCallback_defaultExit                             
00003d01  xdc_runtime_System_abortSpin__E                                 
00003d09  xdc_runtime_System_exitSpin__E                                  
00003d0c  ti_sysbios_knl_Task_Object__PARAMS__C                           
00003d48  PowerMSP432_config                                              
00003d80  ti_sysbios_family_arm_m3_Hwi_Object__PARAMS__C                  
00003db0  ti_sysbios_heaps_HeapMem_Module__FXNS__C                        
00003dd8  ti_sysbios_gates_GateHwi_Module__FXNS__C                        
00003dfc  ti_sysbios_gates_GateMutex_Module__FXNS__C                      
00003e20  ti_sysbios_heaps_HeapMem_Object__PARAMS__C                      
00003e44  ti_sysbios_knl_Semaphore_Object__PARAMS__C                      
00003e68  xdc_runtime_Startup_sfxnTab__A                                  
00003e8c  ti_sysbios_family_arm_m3_Hwi_Object__DESC__C                    
00003eac  ti_sysbios_gates_GateHwi_Object__DESC__C                        
00003ecc  ti_sysbios_gates_GateMutex_Object__DESC__C                      
00003eec  ti_sysbios_heaps_HeapMem_Object__DESC__C                        
00003f0c  ti_sysbios_knl_Queue_Object__DESC__C                            
00003f2c  ti_sysbios_knl_Semaphore_Object__DESC__C                        
00003f4c  ti_sysbios_knl_Task_Object__DESC__C                             
00003f6c  ti_sysbios_gates_GateHwi_Object__PARAMS__C                      
00003f84  ti_sysbios_gates_GateMutex_Object__PARAMS__C                    
00003f9c  ti_sysbios_knl_Queue_Object__PARAMS__C                          
00003fb4  ti_sysbios_knl_Task_hooks__A                                    
00003fcc  GPIOMSP432_config                                               
00003fe0  xdc_runtime_Startup_sfxnRts__A                                  
00003ff2  ti_sysbios_family_arm_m3_Hwi_Module__id__C                      
00003ff4  xdc_runtime_Startup_firstFxns__A                                
00004000  ti_sysbios_knl_Idle_funcList__A                                 
00004008  ti_sysbios_knl_Idle_funcList__C                                 
00004010  ti_sysbios_knl_Task_hooks__C                                    
00004018  xdc_runtime_Startup_firstFxns__C                                
00004020  xdc_runtime_Startup_lastFxns__C                                 
00004034  ti_sysbios_family_arm_m3_Hwi_E_alreadyDefined__C                
00004038  ti_sysbios_family_arm_m3_Hwi_E_badIntNum__C                     
0000403c  ti_sysbios_family_arm_m3_Hwi_NUM_INTERRUPTS__C                  
00004040  ti_sysbios_family_arm_m3_Hwi_Object__count__C                   
00004044  ti_sysbios_family_arm_m3_Hwi_ccr__C                             
00004048  ti_sysbios_family_arm_m3_Hwi_excHandlerFunc__C                  
0000404c  ti_sysbios_family_arm_m3_Hwi_nullIsrFunc__C                     
00004050  ti_sysbios_family_arm_m3_Hwi_priGroup__C                        
00004054  ti_sysbios_family_arm_m3_Hwi_swiDisable__C                      
00004058  ti_sysbios_family_arm_m3_Hwi_swiRestore__C                      
0000405c  ti_sysbios_family_arm_msp432_Timer_numTimerDevices__C           
00004060  ti_sysbios_family_arm_msp432_Timer_startupNeeded__C             
00004064  ti_sysbios_gates_GateMutex_Instance_State_sem__O                
00004068  ti_sysbios_heaps_HeapMem_E_memory__C                            
0000406c  ti_sysbios_heaps_HeapMem_Module__gateObj__C                     
00004070  ti_sysbios_heaps_HeapMem_Object__count__C                       
00004074  ti_sysbios_heaps_HeapMem_primaryHeapBaseAddr__C                 
00004078  ti_sysbios_heaps_HeapMem_primaryHeapEndAddr__C                  
0000407c  ti_sysbios_heaps_HeapMem_reqAlign__C                            
00004080  ti_sysbios_knl_Clock_Module_State_clockQ__O                     
00004084  ti_sysbios_knl_Mailbox_Instance_State_freeQue__O                
00004088  ti_sysbios_knl_Mailbox_Object__count__C                         
0000408c  ti_sysbios_knl_Mailbox_maxTypeAlign__C                          
00004090  ti_sysbios_knl_Semaphore_Instance_State_pendQ__O                
00004094  ti_sysbios_knl_Swi_Object__count__C                             
00004098  ti_sysbios_knl_Task_Module_State_inactiveQ__O                   
0000409c  ti_sysbios_knl_Task_Object__count__C                            
000040a0  ti_sysbios_knl_Task_Object__heap__C                             
000040a4  ti_sysbios_knl_Task_allBlockedFunc__C                           
000040a8  ti_sysbios_knl_Task_numConstructedTasks__C                      
000040ac  xdc_runtime_Error_E_memory__C                                   
000040b0  xdc_runtime_Error_policyFxn__C                                  
000040b4  xdc_runtime_IGateProvider_Interface__BASE__C                    
000040b8  xdc_runtime_IHeap_Interface__BASE__C                            
000040bc  xdc_runtime_IModule_Interface__BASE__C                          
000040c0  xdc_runtime_Memory_defaultHeapInstance__C                       
000040c4  xdc_runtime_Startup_execImpl__C                                 
000040c8  xdc_runtime_Startup_maxPasses__C                                
000040cc  xdc_runtime_Startup_sfxnRts__C                                  
000040d0  xdc_runtime_Startup_sfxnTab__C                                  
000040d4  xdc_runtime_SysCallback_abortFxn__C                             
000040d8  xdc_runtime_SysCallback_exitFxn__C                              
000040dc  xdc_runtime_System_Module__gateObj__C                           
000040e0  xdc_runtime_System_abortFxn__C                                  
000040e4  xdc_runtime_System_exitFxn__C                                   
000040e8  xdc_runtime_System_maxAtexitHandlers__C                         
000040ec  ti_sysbios_family_arm_msp432_init_Boot_bypassHFXT__C            
000040ee  ti_sysbios_family_arm_msp432_init_Boot_bypassLFXT__C            
000040f0  ti_sysbios_family_arm_msp432_init_Boot_enableHFXT__C            
000040f2  ti_sysbios_family_arm_msp432_init_Boot_enableLFXT__C            
000040f4  ti_sysbios_heaps_HeapMem_Module__id__C                          
000040f6  xdc_runtime_Memory_Module__id__C                                
000040f8  xdc_runtime_Error_policy__C                                     
00004100  __TI_static_base__                                              
0000430c  __TI_Handler_Table_Base                                         
00004318  __TI_Handler_Table_Limit                                        
00004320  __TI_CINIT_Base                                                 
00004330  __TI_CINIT_Limit                                                
00008000  HEAPSIZE                                                        
20000000  ti_sysbios_family_arm_m3_Hwi_ramVectors                         
20000140  __primary_heap_start__                                          
20008140  PowerMSP432_perfLevels                                          
20008140  __primary_heap_end__                                            
20008308  ti_sysbios_knl_Swi_Module_State_0_readyQ__A                     
20008388  ti_sysbios_knl_Task_Module_State_0_readyQ__A                    
20008408  ti_sysbios_gates_GateMutex_Object__table__V                     
2000845c  ti_sysbios_knl_Task_Object__table__V                            
200084a8  ti_sysbios_family_arm_msp432_Timer_Object__table__V             
200084ec  ti_sysbios_knl_Task_Module__state__V                            
20008530  ti_sysbios_family_arm_m3_Hwi_Module__state__V                   
20008564  ti_sysbios_knl_Swi_Object__table__V                             
20008594  PowerMSP432_module                                              
200085c0  ti_sysbios_knl_Clock_Module__state__V                           
200085ec  ti_sysbios_BIOS_Module__state__V                                
20008610  ti_sysbios_family_arm_msp432_Timer_Module_State_0_device__A     
20008630  xdc_runtime_Error_IgnoreBlock                                   
20008650  ti_sysbios_knl_Swi_Module__state__V                             
2000866c  ti_sysbios_family_arm_m3_Hwi_Object__table__V                   
20008684  ti_sysbios_heaps_HeapMem_Object__table__V                       
2000869c  ti_sysbios_family_arm_msp432_Timer_Module_State_0_handles__A    
200086ac  ti_sysbios_family_arm_msp432_ClockFreqs_Module__state__V        
200086b8  ti_sysbios_family_arm_msp432_Timer_Module__state__V             
200086c4  _lock                                                           
200086c8  _unlock                                                         
200086cc  ti_sysbios_family_arm_m3_Hwi_Module__root__V                    
200086d4  ti_sysbios_gates_GateHwi_Module__root__V                        
200086dc  ti_sysbios_gates_GateMutex_Module__root__V                      
200086e4  ti_sysbios_heaps_HeapMem_Module__root__V                        
200086ec  ti_sysbios_knl_Queue_Module__root__V                            
200086f4  ti_sysbios_knl_Semaphore_Module__root__V                        
200086fc  ti_sysbios_knl_Task_Module__root__V                             
20008704  xdc_runtime_Startup_Module__state__V                            
2000870c  xdc_runtime_System_Module_State_0_atexitHandlers__A             
20008714  xdc_runtime_System_Module__state__V                             
2000871c  gpioCallbackFunctions                                           
20008720  gpioPinConfigs                                                  
20008724  main_func_sp                                                    
20008728  ti_sysbios_family_arm_m3_Hwi_Module_State_0_excContext__A       
2000872c  ti_sysbios_family_arm_m3_Hwi_Module_State_0_excStack__A         
20008730  ti_sysbios_gates_GateHwi_Object__table__V                       
20008734  ti_sysbios_knl_Task_Module_State_0_idleTask__A                  
20008738  ti_sysbios_rts_ti_ReentSupport_Module__state__V                 
2000873c  xdc_runtime_Memory_Module__state__V                             
20008742  ti_sysbios_family_arm_m3_Hwi_Module_State_0_excActive__A        
20008748  ti_sysbios_knl_Task_Instance_State_0_stack__A                   
20008948  ti_sysbios_family_arm_m3_Hwi_dispatchTable                      
20008ac4  ti_sysbios_knl_Task_Instance_State_0_hookEnv__A                 
2000fc00  __stack                                                         
20010000  __STACK_END                                                     
4000480c  WDTCTL_SYM                                                      
e000e000  ti_sysbios_family_arm_m3_Hwi_nvic                               
ffffffff  __TI_pprof_out_hndl                                             
ffffffff  __TI_prof_data_size                                             
ffffffff  __TI_prof_data_start                                            
ffffffff  __binit__                                                       
ffffffff  __c_args__                                                      
ffffffff  binit                                                           
UNDEFED   SHT$$INIT_ARRAY$$Base                                           
UNDEFED   SHT$$INIT_ARRAY$$Limit                                          

[434 symbols]
